../NRF_HAL/nrf_hal_stm32.c:29:6:hal_nrf_init	16	static
../NRF_HAL/nrf_hal_stm32.c:35:9:hal_nrf_read_reg	40	static
../NRF_HAL/nrf_hal_stm32.c:47:10:hal_nrf_read_multibyte_reg	88	static
../NRF_HAL/nrf_hal_stm32.c:86:9:hal_nrf_write_reg	40	static
../NRF_HAL/nrf_hal_stm32.c:98:6:hal_nrf_write_multibyte_reg	64	static
../NRF_HAL/nrf_hal_stm32.c:109:9:hal_nrf_nop	24	static
../NRF_HAL/nrf_hal_stm32.c:119:9:hal_nrf_get_rx_data_source	8	static
../NRF_HAL/nrf_hal_stm32.c:125:6:hal_nrf_reuse_tx	16	static
../NRF_HAL/nrf_hal_stm32.c:133:6:hal_nrf_flush_rx	16	static
../NRF_HAL/nrf_hal_stm32.c:141:6:hal_nrf_flush_tx	16	static
../NRF_HAL/nrf_hal_stm32.c:149:6:hal_nrf_set_operation_mode	32	static
../NRF_HAL/nrf_hal_stm32.c:161:26:hal_nrf_get_operation_mode	24	static
../NRF_HAL/nrf_hal_stm32.c:167:6:hal_nrf_activate_features	8	static
../NRF_HAL/nrf_hal_stm32.c:172:6:hal_nrf_enable_dynamic_payload	32	static
../NRF_HAL/nrf_hal_stm32.c:184:9:hal_nrf_is_dynamic_payload_enabled	8	static
../NRF_HAL/nrf_hal_stm32.c:189:6:hal_nrf_enable_ack_payload	32	static
../NRF_HAL/nrf_hal_stm32.c:201:9:hal_nrf_is_ack_payload_enabled	8	static
../NRF_HAL/nrf_hal_stm32.c:206:6:hal_nrf_enable_dynamic_ack	32	static
../NRF_HAL/nrf_hal_stm32.c:218:9:hal_nrf_is_dynamic_ack_enabled	8	static
../NRF_HAL/nrf_hal_stm32.c:223:6:hal_nrf_setup_dynamic_payload	24	static
../NRF_HAL/nrf_hal_stm32.c:229:6:hal_nrf_write_ack_payload	16	static
../NRF_HAL/nrf_hal_stm32.c:235:6:hal_nrf_set_rf_channel	24	static
../NRF_HAL/nrf_hal_stm32.c:241:9:hal_nrf_get_rf_channel	8	static
../NRF_HAL/nrf_hal_stm32.c:246:6:hal_nrf_set_output_power	32	static
../NRF_HAL/nrf_hal_stm32.c:255:24:hal_nrf_get_output_power	8	static
../NRF_HAL/nrf_hal_stm32.c:261:6:hal_nrf_set_datarate	32	static
../NRF_HAL/nrf_hal_stm32.c:284:20:hal_nrf_get_datarate	24	static
../NRF_HAL/nrf_hal_stm32.c:292:6:hal_nrf_set_crc_mode	32	static
../NRF_HAL/nrf_hal_stm32.c:315:20:hal_nrf_get_crc_mode	24	static
../NRF_HAL/nrf_hal_stm32.c:326:6:hal_nrf_set_auto_retr	24	static
../NRF_HAL/nrf_hal_stm32.c:333:9:hal_nrf_get_auto_retr_ctr	8	static
../NRF_HAL/nrf_hal_stm32.c:338:10:hal_nrf_get_auto_retr_delay	8	static
../NRF_HAL/nrf_hal_stm32.c:343:6:hal_nrf_set_rx_payload_width	16	static
../NRF_HAL/nrf_hal_stm32.c:348:9:hal_nrf_get_rx_payload_width	16	static
../NRF_HAL/nrf_hal_stm32.c:353:6:hal_nrf_open_pipe	32	static
../NRF_HAL/nrf_hal_stm32.c:400:6:hal_nrf_close_pipe	32	static
../NRF_HAL/nrf_hal_stm32.c:435:9:hal_nrf_get_pipe_status	40	static
../NRF_HAL/nrf_hal_stm32.c:450:6:hal_nrf_set_address_width	24	static
../NRF_HAL/nrf_hal_stm32.c:456:9:hal_nrf_get_address_width	8	static
../NRF_HAL/nrf_hal_stm32.c:461:6:hal_nrf_set_address	24	static
../NRF_HAL/nrf_hal_stm32.c:484:9:hal_nrf_get_address	16	static
../NRF_HAL/nrf_hal_stm32.c:498:6:hal_nrf_config_rx_pipe	24	static
../NRF_HAL/nrf_hal_stm32.c:509:6:hal_nrf_config_tx	24	static
../NRF_HAL/nrf_hal_stm32.c:525:6:hal_nrf_set_irq_mode	32	static
../NRF_HAL/nrf_hal_stm32.c:556:9:hal_nrf_get_irq_mode	32	static
../NRF_HAL/nrf_hal_stm32.c:576:9:hal_nrf_get_irq_flags	8	static
../NRF_HAL/nrf_hal_stm32.c:581:9:hal_nrf_get_clear_irq_flags	8	static
../NRF_HAL/nrf_hal_stm32.c:588:9:hal_nrf_clear_irq_flags_get_status	16	static
../NRF_HAL/nrf_hal_stm32.c:602:6:hal_nrf_clear_irq_flag	16	static
../NRF_HAL/nrf_hal_stm32.c:607:6:hal_nrf_set_power_mode	32	static
../NRF_HAL/nrf_hal_stm32.c:619:20:hal_nrf_get_power_mode	24	static
../NRF_HAL/nrf_hal_stm32.c:625:9:hal_nrf_get_tx_fifo_status	8	static
../NRF_HAL/nrf_hal_stm32.c:630:9:hal_nrf_tx_fifo_empty	8	static
../NRF_HAL/nrf_hal_stm32.c:635:9:hal_nrf_tx_fifo_full	8	static
../NRF_HAL/nrf_hal_stm32.c:640:9:hal_nrf_get_rx_fifo_status	8	static
../NRF_HAL/nrf_hal_stm32.c:646:9:hal_nrf_rx_fifo_empty	8	static
../NRF_HAL/nrf_hal_stm32.c:651:9:hal_nrf_rx_fifo_full	8	static
../NRF_HAL/nrf_hal_stm32.c:656:9:hal_nrf_get_fifo_status	8	static
../NRF_HAL/nrf_hal_stm32.c:661:9:hal_nrf_get_auto_retr_status	8	static
../NRF_HAL/nrf_hal_stm32.c:666:9:hal_nrf_get_transmit_attempts	8	static
../NRF_HAL/nrf_hal_stm32.c:672:9:hal_nrf_get_packet_lost_ctr	8	static
../NRF_HAL/nrf_hal_stm32.c:678:9:hal_nrf_get_carrier_detect	8	static
../NRF_HAL/nrf_hal_stm32.c:683:9:hal_nrf_read_rx_payload_width	8	static
../NRF_HAL/nrf_hal_stm32.c:688:10:hal_nrf_read_rx_payload	16	static
../NRF_HAL/nrf_hal_stm32.c:693:6:hal_nrf_write_tx_payload	16	static
../NRF_HAL/nrf_hal_stm32.c:698:6:hal_nrf_write_tx_payload_noack	16	static
../NRF_HAL/nrf_hal_stm32.c:703:9:hal_nrf_get_reuse_tx_status	8	static
../NRF_HAL/nrf_hal_stm32.c:709:6:hal_nrf_set_pll_mode	32	static
../NRF_HAL/nrf_hal_stm32.c:721:9:hal_nrf_get_pll_mode	8	static
../NRF_HAL/nrf_hal_stm32.c:726:6:hal_nrf_enable_continious_wave	32	static
../NRF_HAL/nrf_hal_stm32.c:738:9:hal_nrf_is_continious_wave_enabled	8	static
../NRF_HAL/nrf_hal_stm32.c:743:6:hal_nrf_save_ctx	16	static
